[2026-07-24 11:50:31] | Operador: a.riqborges | Acao: ComparadorGeral | Alvo: 2 usuários | Status: SUCESSO
[2026-07-27 09:36:09] | Operador: a.riqborges | Acao: ComparadorGeral | Alvo: 2 usuários | Status: SUCESSO
[2026-07-27 10:01:13] | Operador: a.riqborges | Acao: UpdateVetorh | Alvo: 26955 | Status: SUCESSO: LTU
[2026-07-27 12:24:50] | Operador: a.riqborges | Acao: AlternarStatus | Alvo: PTU-DT-38859$ | Status: SUCESSO
[2026-07-27 12:25:03] | Operador: a.riqborges | Acao: AlternarStatus | Alvo: PTU-DT-38859$ | Status: SUCESSO
[2026-07-27 13:00:36] | Operador: a.riqborges | Acao: Diag_SPLUNK | Alvo: Riquelmy.Borges | Status: EXECUTADO
[2026-07-27 13:11:53] | Operador: a.riqborges | Acao: Diag_PING | Alvo: PTU-DT-47774$ | Status: EXECUTADO
[2026-07-27 13:12:13] | Operador: a.riqborges | Acao: Diag_WMI | Alvo: PTU-DT-47774$ | Status: EXECUTADO
[2026-07-27 13:15:57] | Operador: a.riqborges | Acao: Diag_PING | Alvo: PTU-DT-47774$ | Status: EXECUTADO
[2026-07-27 13:16:27] | Operador: a.riqborges | Acao: Diag_WMI | Alvo: PTU-DT-47774$ | Status: EXECUTADO
[2026-07-27 13:18:37] | Operador: a.riqborges | Acao: Diag_PING | Alvo: ptu-prn-01 | Status: EXECUTADO
[2026-07-27 13:35:21] | Operador: a.riqborges | Acao: Diag_PING | Alvo: 10.205.189.6 | Status: EXECUTADO
[2026-07-27 13:56:12] | Operador: a.riqborges | Acao: ConsultarSeguranca | Alvo: PTU-DT-47774 | Status: LAPS/BitLocker extraídos
[2026-07-27 14:19:10] | Operador: a.riqborges | Acao: ConsultarSeguranca | Alvo: PTU-DT-46768 | Status: LAPS/BitLocker extraídos
[2026-07-27 16:23:01] | Operador: a.riqborges | Acao: Diag_SPLUNK | Alvo: Orlando.Braga | Status: EXECUTADO
[2026-07-28 11:37:15] | Operador: a.riqborges | Acao: ConsultarSeguranca | Alvo: PTU-LT-8QXHD33 | Status: LAPS/BitLocker extraídos
[2026-07-28 11:37:40] | Operador: a.riqborges | Acao: Diag_PING | Alvo: PTU-LT-8QXHD33$ | Status: EXECUTADO
[2026-07-28 15:07:04] | Operador: A.riqborges | Acao: Diag_PING | Alvo: 10.205.109.15 | Status: EXECUTADO
[2026-07-28 15:08:44] | Operador: A.riqborges | Acao: ConsultarSeguranca | Alvo: PTU-DT-47774 | Status: LAPS/BitLocker extraídos
[2026-07-28 15:13:16] | Operador: A.riqborges | Acao: Diag_PING | Alvo: PTU-DT-47774$ | Status: EXECUTADO
[2026-07-28 15:16:43] | Operador: A.riqborges | Acao: Diag_PING | Alvo: PTU-DT-46768$ | Status: EXECUTADO
[2026-07-28 15:17:24] | Operador: A.riqborges | Acao: ConsultarSeguranca | Alvo: PTU-DT-46768 | Status: LAPS/BitLocker extraídos
[2026-07-28 15:17:49] | Operador: A.riqborges | Acao: Diag_WMI | Alvo: PTU-DT-46768$ | Status: EXECUTADO
[2026-07-28 15:18:21] | Operador: A.riqborges | Acao: Diag_PING | Alvo: PTU-DT-46768$ | Status: EXECUTADO
[2026-07-28 15:19:37] | Operador: a.riqborges | Acao: Diag_PING | Alvo: PTU-DT-46768$ | Status: EXECUTADO
[2026-07-28 15:21:31] | Operador: A.riqborges | Acao: LimparFila | Alvo: PTU-PRN-RH-02-COR | Status: SUCESSO (Server: ptu-prn-01.kinrossgold.com)
[2026-07-28 17:23:52] | Operador: a.dgomes | Acao: Diag_SPLUNK | Alvo: Daniel.Gomes | Status: EXECUTADO
[2026-07-29 11:17:06] | Operador: a.dgomes | Acao: Desbloquear | Alvo: a.jpreis | Status: SUCESSO
[2026-07-29 11:38:49] | Operador: a.riqborges | Acao: Desbloquear | Alvo: vitor.monteiro | Status: SUCESSO
[2026-07-29 11:39:20] | Operador: a.riqborges | Acao: ResetSenha | Alvo: vitor.monteiro | Status: SUCESSO
[2026-07-29 12:02:01] | Operador: a.riqborges | Acao: Desbloquear | Alvo: ISena | Status: SUCESSO
[2026-07-29 12:02:27] | Operador: a.riqborges | Acao: Diag_SPLUNK | Alvo: ISena | Status: EXECUTADO
[2026-07-29 15:23:41] | Operador: a.riqborges | Acao: Desbloquear | Alvo: a.RiqBorges | Status: SUCESSO
[2026-07-30 07:59:40] | Operador: a.riqborges | Acao: ResetSenha | Alvo: FabioHenrique.Costa | Status: Desbloqueio: True | ForceChange: True
[2026-07-30 08:01:53] | Operador: a.riqborges | Acao: ResetSenha | Alvo: Diego.Almeida | Status: Desbloqueio: True | ForceChange: True
[2026-07-30 08:11:45] | Operador: a.riqborges | Acao: ResetSenha | Alvo: ISena | Status: Desbloqueio: True | ForceChange: True
[2026-07-30 09:34:55] | Operador: a.riqborges | Acao: ResetSenha | Alvo: Leandro.Xavier | Status: Desbloqueio: True | ForceChange: True
[2026-07-30 09:36:07] | Operador: a.riqborges | Acao: UpdateVetorh | Alvo: 26868 | Status: SUCESSO: NTU
[2026-07-30 09:36:11] | Operador: a.riqborges | Acao: UpdateVetorh | Alvo: 26868 | Status: SUCESSO: LTU
[2026-07-30 09:39:49] | Operador: a.riqborges | Acao: ResetSenha | Alvo: GHachmann | Status: Desbloqueio: True | ForceChange: True
[2026-07-30 09:40:17] | Operador: a.riqborges | Acao: ResetSenha | Alvo: GHachmann | Status: Desbloqueio: True | ForceChange: False
[2026-07-30 10:24:04] | Operador: a.riqborges | Acao: ConsultarGruposLocais | Alvo: PTU-DT-46768.kinrossgold.com | Status: SUCESSO
[2026-07-30 10:24:27] | Operador: a.riqborges | Acao: NotificarUsuario | Alvo: ptu-dt-46768.kinrossgold.com | Status: Mensagem: Favor salvar seus trabalhos em...
[2026-07-30 11:27:43] | Operador: a.gasantiago | Acao: UpdateVetorh | Alvo: 16635 | Status: SUCESSO: LTU
[2026-07-30 11:27:54] | Operador: a.gasantiago | Acao: UpdateVetorh | Alvo: 7798 | Status: SUCESSO: LTU
[2026-07-31 09:09:55] | Operador: a.riqborges | Acao: ResetSenha | Alvo: AdSeOliveira | Status: Desbloqueio: True | ForceChange: True
[2026-07-31 11:29:43] | Operador: a.gasantiago | Acao: UpdateVetorh | Alvo: 60677 | Status: SUCESSO: ETU
[2026-07-31 14:35:59] | Operador: a.kauasilva | Acao: Diag_SPLUNK | Alvo: Guilherme.Jesus | Status: EXECUTADO
[2026-07-31 14:36:30] | Operador: a.kauasilva | Acao: Desbloquear | Alvo: Guilherme.Jesus | Status: SUCESSO
[2026-07-31 14:36:30] | Operador: a.kauasilva | Acao: Desbloquear | Alvo: Guilherme.Jesus | Status: SUCESSO
[2026-07-31 14:36:31] | Operador: a.kauasilva | Acao: Desbloquear | Alvo: Guilherme.Jesus | Status: SUCESSO
[2026-08-03 07:45:49] | Operador: a.riqborges | Acao: ResetSenha | Alvo: Marcos.Fernandes | Status: Desbloqueio: True | ForceChange: True
